/workspace/verilog-eval/exp/qwen38_next/results/Prob114_bugs_case/Prob114_bugs_case.sv:8: error: out is not a valid l-value in tb.top_module1.
/workspace/verilog-eval/exp/qwen38_next/results/Prob114_bugs_case/Prob114_bugs_case.sv:3:      : out is declared here as wire.
/workspace/verilog-eval/exp/qwen38_next/results/Prob114_bugs_case/Prob114_bugs_case.sv:9: error: valid is not a valid l-value in tb.top_module1.
/workspace/verilog-eval/exp/qwen38_next/results/Prob114_bugs_case/Prob114_bugs_case.sv:4:      : valid is declared here as wire.
/workspace/verilog-eval/exp/qwen38_next/results/Prob114_bugs_case/Prob114_bugs_case.sv:12: error: out is not a valid l-value in tb.top_module1.
/workspace/verilog-eval/exp/qwen38_next/results/Prob114_bugs_case/Prob114_bugs_case.sv:3:      : out is declared here as wire.
/workspace/verilog-eval/exp/qwen38_next/results/Prob114_bugs_case/Prob114_bugs_case.sv:12: error: valid is not a valid l-value in tb.top_module1.
/workspace/verilog-eval/exp/qwen38_next/results/Prob114_bugs_case/Prob114_bugs_case.sv:4:      : valid is declared here as wire.
/workspace/verilog-eval/exp/qwen38_next/results/Prob114_bugs_case/Prob114_bugs_case.sv:13: error: out is not a valid l-value in tb.top_module1.
/workspace/verilog-eval/exp/qwen38_next/results/Prob114_bugs_case/Prob114_bugs_case.sv:3:      : out is declared here as wire.
/workspace/verilog-eval/exp/qwen38_next/results/Prob114_bugs_case/Prob114_bugs_case.sv:13: error: valid is not a valid l-value in tb.top_module1.
/workspace/verilog-eval/exp/qwen38_next/results/Prob114_bugs_case/Prob114_bugs_case.sv:4:      : valid is declared here as wire.
/workspace/verilog-eval/exp/qwen38_next/results/Prob114_bugs_case/Prob114_bugs_case.sv:14: error: out is not a valid l-value in tb.top_module1.
/workspace/verilog-eval/exp/qwen38_next/results/Prob114_bugs_case/Prob114_bugs_case.sv:3:      : out is declared here as wire.
/workspace/verilog-eval/exp/qwen38_next/results/Prob114_bugs_case/Prob114_bugs_case.sv:14: error: valid is not a valid l-value in tb.top_module1.
/workspace/verilog-eval/exp/qwen38_next/results/Prob114_bugs_case/Prob114_bugs_case.sv:4:      : valid is declared here as wire.
/workspace/verilog-eval/exp/qwen38_next/results/Prob114_bugs_case/Prob114_bugs_case.sv:15: error: out is not a valid l-value in tb.top_module1.
/workspace/verilog-eval/exp/qwen38_next/results/Prob114_bugs_case/Prob114_bugs_case.sv:3:      : out is declared here as wire.
/workspace/verilog-eval/exp/qwen38_next/results/Prob114_bugs_case/Prob114_bugs_case.sv:15: error: valid is not a valid l-value in tb.top_module1.
/workspace/verilog-eval/exp/qwen38_next/results/Prob114_bugs_case/Prob114_bugs_case.sv:4:      : valid is declared here as wire.
/workspace/verilog-eval/exp/qwen38_next/results/Prob114_bugs_case/Prob114_bugs_case.sv:16: error: out is not a valid l-value in tb.top_module1.
/workspace/verilog-eval/exp/qwen38_next/results/Prob114_bugs_case/Prob114_bugs_case.sv:3:      : out is declared here as wire.
/workspace/verilog-eval/exp/qwen38_next/results/Prob114_bugs_case/Prob114_bugs_case.sv:16: error: valid is not a valid l-value in tb.top_module1.
/workspace/verilog-eval/exp/qwen38_next/results/Prob114_bugs_case/Prob114_bugs_case.sv:4:      : valid is declared here as wire.
/workspace/verilog-eval/exp/qwen38_next/results/Prob114_bugs_case/Prob114_bugs_case.sv:17: error: out is not a valid l-value in tb.top_module1.
/workspace/verilog-eval/exp/qwen38_next/results/Prob114_bugs_case/Prob114_bugs_case.sv:3:      : out is declared here as wire.
/workspace/verilog-eval/exp/qwen38_next/results/Prob114_bugs_case/Prob114_bugs_case.sv:17: error: valid is not a valid l-value in tb.top_module1.
/workspace/verilog-eval/exp/qwen38_next/results/Prob114_bugs_case/Prob114_bugs_case.sv:4:      : valid is declared here as wire.
/workspace/verilog-eval/exp/qwen38_next/results/Prob114_bugs_case/Prob114_bugs_case.sv:18: error: out is not a valid l-value in tb.top_module1.
/workspace/verilog-eval/exp/qwen38_next/results/Prob114_bugs_case/Prob114_bugs_case.sv:3:      : out is declared here as wire.
/workspace/verilog-eval/exp/qwen38_next/results/Prob114_bugs_case/Prob114_bugs_case.sv:18: error: valid is not a valid l-value in tb.top_module1.
/workspace/verilog-eval/exp/qwen38_next/results/Prob114_bugs_case/Prob114_bugs_case.sv:4:      : valid is declared here as wire.
/workspace/verilog-eval/exp/qwen38_next/results/Prob114_bugs_case/Prob114_bugs_case.sv:19: error: out is not a valid l-value in tb.top_module1.
/workspace/verilog-eval/exp/qwen38_next/results/Prob114_bugs_case/Prob114_bugs_case.sv:3:      : out is declared here as wire.
/workspace/verilog-eval/exp/qwen38_next/results/Prob114_bugs_case/Prob114_bugs_case.sv:19: error: valid is not a valid l-value in tb.top_module1.
/workspace/verilog-eval/exp/qwen38_next/results/Prob114_bugs_case/Prob114_bugs_case.sv:4:      : valid is declared here as wire.
/workspace/verilog-eval/exp/qwen38_next/results/Prob114_bugs_case/Prob114_bugs_case.sv:20: error: out is not a valid l-value in tb.top_module1.
/workspace/verilog-eval/exp/qwen38_next/results/Prob114_bugs_case/Prob114_bugs_case.sv:3:      : out is declared here as wire.
/workspace/verilog-eval/exp/qwen38_next/results/Prob114_bugs_case/Prob114_bugs_case.sv:20: error: valid is not a valid l-value in tb.top_module1.
/workspace/verilog-eval/exp/qwen38_next/results/Prob114_bugs_case/Prob114_bugs_case.sv:4:      : valid is declared here as wire.
/workspace/verilog-eval/exp/qwen38_next/results/Prob114_bugs_case/Prob114_bugs_case.sv:21: error: out is not a valid l-value in tb.top_module1.
/workspace/verilog-eval/exp/qwen38_next/results/Prob114_bugs_case/Prob114_bugs_case.sv:3:      : out is declared here as wire.
/workspace/verilog-eval/exp/qwen38_next/results/Prob114_bugs_case/Prob114_bugs_case.sv:21: error: valid is not a valid l-value in tb.top_module1.
/workspace/verilog-eval/exp/qwen38_next/results/Prob114_bugs_case/Prob114_bugs_case.sv:4:      : valid is declared here as wire.
/workspace/verilog-eval/exp/qwen38_next/results/Prob114_bugs_case/Prob114_bugs_case.sv:22: error: out is not a valid l-value in tb.top_module1.
/workspace/verilog-eval/exp/qwen38_next/results/Prob114_bugs_case/Prob114_bugs_case.sv:3:      : out is declared here as wire.
/workspace/verilog-eval/exp/qwen38_next/results/Prob114_bugs_case/Prob114_bugs_case.sv:22: error: valid is not a valid l-value in tb.top_module1.
/workspace/verilog-eval/exp/qwen38_next/results/Prob114_bugs_case/Prob114_bugs_case.sv:4:      : valid is declared here as wire.
24 error(s) during elaboration.
